// Jest Snapshot v1, https://goo.gl/fbAQLP

exports[`Radio Component should render without issues 1`] = `
<View
  accessible={true}
  clickable={true}
  onClick={[Function]}
  onResponderGrant={[Function]}
  onResponderMove={[Function]}
  onResponderRelease={[Function]}
  onResponderTerminate={[Function]}
  onResponderTerminationRequest={[Function]}
  onStartShouldSetResponder={[Function]}
  style={
    Object {
      "alignItems": "center",
      "flexDirection": "row",
    }
  }
>
  <View>
    <View
      style={
        Object {
          "alignItems": "center",
          "backgroundColor": "transparent",
          "color": "#000",
          "fontSize": 19,
          "height": 19,
          "justifyContent": "center",
          "position": "relative",
          "width": 19,
          "zIndex": 2,
        }
      }
    >
      <Text
        allowFontScaling={false}
        style={
          Array [
            Object {
              "color": "#262626",
              "fontSize": 19,
            },
            undefined,
            Object {
              "fontFamily": "Material Icons",
              "fontStyle": "normal",
              "fontWeight": "normal",
            },
            Object {},
          ]
        }
      >
        î ¶
      </Text>
    </View>
  </View>
</View>
`;
