// Jest Snapshot v1, https://goo.gl/fbAQLP

exports[`Snackbar Component should render without issues 1`] = `null`;
